  Determining projects to restore...
  All projects are up-to-date for restore.
  TafsilkPlatform.Models -> C:\Users\ahmed\source\repos\AhmedTyson\Tafsilk\TafsilkPlatform\TafsilkPlatform.Web\TafsilkPlatform.Models\bin\Debug\net9.0\TafsilkPlatform.Models.dll
  TafsilkPlatform.Utility -> C:\Users\ahmed\source\repos\AhmedTyson\Tafsilk\TafsilkPlatform\TafsilkPlatform.Web\TafsilkPlatform.Utility\bin\Debug\net9.0\TafsilkPlatform.Utility.dll
  TafsilkPlatform.DataAccess -> C:\Users\ahmed\source\repos\AhmedTyson\Tafsilk\TafsilkPlatform\TafsilkPlatform.Web\TafsilkPlatform.DataAccess\bin\Debug\net9.0\TafsilkPlatform.DataAccess.dll
C:\Users\ahmed\source\repos\AhmedTyson\Tafsilk\TafsilkPlatform\TafsilkPlatform.Web\Areas\Tailor\Controllers\TailorManagementController.cs(1635,9): error CS1519: Invalid token 'return' in a member declaration [C:\Users\ahmed\source\repos\AhmedTyson\Tafsilk\TafsilkPlatform\TafsilkPlatform.Web\TafsilkPlatform.Web.csproj]
C:\Users\ahmed\source\repos\AhmedTyson\Tafsilk\TafsilkPlatform\TafsilkPlatform.Web\Areas\Tailor\Controllers\TailorManagementController.cs(1636,5): error CS1519: Invalid token '{' in a member declaration [C:\Users\ahmed\source\repos\AhmedTyson\Tafsilk\TafsilkPlatform\TafsilkPlatform.Web\TafsilkPlatform.Web.csproj]
C:\Users\ahmed\source\repos\AhmedTyson\Tafsilk\TafsilkPlatform\TafsilkPlatform.Web\Areas\Tailor\Controllers\TailorManagementController.cs(1648,5): error CS1022: Type or namespace definition, or end-of-file expected [C:\Users\ahmed\source\repos\AhmedTyson\Tafsilk\TafsilkPlatform\TafsilkPlatform.Web\TafsilkPlatform.Web.csproj]
C:\Users\ahmed\source\repos\AhmedTyson\Tafsilk\TafsilkPlatform\TafsilkPlatform.Web\Areas\Tailor\Controllers\TailorManagementController.cs(1650,5): error CS8803: Top-level statements must precede namespace and type declarations. [C:\Users\ahmed\source\repos\AhmedTyson\Tafsilk\TafsilkPlatform\TafsilkPlatform.Web\TafsilkPlatform.Web.csproj]
C:\Users\ahmed\source\repos\AhmedTyson\Tafsilk\TafsilkPlatform\TafsilkPlatform.Web\Areas\Tailor\Controllers\TailorManagementController.cs(1650,5): error CS0106: The modifier 'private' is not valid for this item [C:\Users\ahmed\source\repos\AhmedTyson\Tafsilk\TafsilkPlatform\TafsilkPlatform.Web\TafsilkPlatform.Web.csproj]
C:\Users\ahmed\source\repos\AhmedTyson\Tafsilk\TafsilkPlatform\TafsilkPlatform.Web\Areas\Tailor\Controllers\TailorManagementController.cs(1670,5): error CS0106: The modifier 'private' is not valid for this item [C:\Users\ahmed\source\repos\AhmedTyson\Tafsilk\TafsilkPlatform\TafsilkPlatform.Web\TafsilkPlatform.Web.csproj]
C:\Users\ahmed\source\repos\AhmedTyson\Tafsilk\TafsilkPlatform\TafsilkPlatform.Web\Areas\Tailor\Controllers\TailorManagementController.cs(1685,5): error CS0106: The modifier 'private' is not valid for this item [C:\Users\ahmed\source\repos\AhmedTyson\Tafsilk\TafsilkPlatform\TafsilkPlatform.Web\TafsilkPlatform.Web.csproj]
C:\Users\ahmed\source\repos\AhmedTyson\Tafsilk\TafsilkPlatform\TafsilkPlatform.Web\Areas\Tailor\Controllers\TailorManagementController.cs(1700,5): error CS0106: The modifier 'private' is not valid for this item [C:\Users\ahmed\source\repos\AhmedTyson\Tafsilk\TafsilkPlatform\TafsilkPlatform.Web\TafsilkPlatform.Web.csproj]
C:\Users\ahmed\source\repos\AhmedTyson\Tafsilk\TafsilkPlatform\TafsilkPlatform.Web\Areas\Tailor\Controllers\TailorManagementController.cs(1717,5): error CS0106: The modifier 'private' is not valid for this item [C:\Users\ahmed\source\repos\AhmedTyson\Tafsilk\TafsilkPlatform\TafsilkPlatform.Web\TafsilkPlatform.Web.csproj]
C:\Users\ahmed\source\repos\AhmedTyson\Tafsilk\TafsilkPlatform\TafsilkPlatform.Web\Areas\Tailor\Controllers\TailorManagementController.cs(1741,5): error CS0106: The modifier 'private' is not valid for this item [C:\Users\ahmed\source\repos\AhmedTyson\Tafsilk\TafsilkPlatform\TafsilkPlatform.Web\TafsilkPlatform.Web.csproj]
C:\Users\ahmed\source\repos\AhmedTyson\Tafsilk\TafsilkPlatform\TafsilkPlatform.Web\Areas\Tailor\Controllers\TailorManagementController.cs(1753,5): error CS0106: The modifier 'private' is not valid for this item [C:\Users\ahmed\source\repos\AhmedTyson\Tafsilk\TafsilkPlatform\TafsilkPlatform.Web\TafsilkPlatform.Web.csproj]
C:\Users\ahmed\source\repos\AhmedTyson\Tafsilk\TafsilkPlatform\TafsilkPlatform.Web\Areas\Tailor\Controllers\TailorManagementController.cs(1780,5): error CS0106: The modifier 'private' is not valid for this item [C:\Users\ahmed\source\repos\AhmedTyson\Tafsilk\TafsilkPlatform\TafsilkPlatform.Web\TafsilkPlatform.Web.csproj]
C:\Users\ahmed\source\repos\AhmedTyson\Tafsilk\TafsilkPlatform\TafsilkPlatform.Web\Areas\Tailor\Controllers\TailorManagementController.cs(1816,5): error CS0106: The modifier 'private' is not valid for this item [C:\Users\ahmed\source\repos\AhmedTyson\Tafsilk\TafsilkPlatform\TafsilkPlatform.Web\TafsilkPlatform.Web.csproj]
C:\Users\ahmed\source\repos\AhmedTyson\Tafsilk\TafsilkPlatform\TafsilkPlatform.Web\Areas\Tailor\Controllers\TailorManagementController.cs(1864,5): error CS0106: The modifier 'private' is not valid for this item [C:\Users\ahmed\source\repos\AhmedTyson\Tafsilk\TafsilkPlatform\TafsilkPlatform.Web\TafsilkPlatform.Web.csproj]
C:\Users\ahmed\source\repos\AhmedTyson\Tafsilk\TafsilkPlatform\TafsilkPlatform.Web\Areas\Tailor\Controllers\TailorManagementController.cs(1925,5): error CS0106: The modifier 'private' is not valid for this item [C:\Users\ahmed\source\repos\AhmedTyson\Tafsilk\TafsilkPlatform\TafsilkPlatform.Web\TafsilkPlatform.Web.csproj]
C:\Users\ahmed\source\repos\AhmedTyson\Tafsilk\TafsilkPlatform\TafsilkPlatform.Web\Areas\Tailor\Controllers\TailorManagementController.cs(1956,1): error CS1022: Type or namespace definition, or end-of-file expected [C:\Users\ahmed\source\repos\AhmedTyson\Tafsilk\TafsilkPlatform\TafsilkPlatform.Web\TafsilkPlatform.Web.csproj]

Build FAILED.

C:\Users\ahmed\source\repos\AhmedTyson\Tafsilk\TafsilkPlatform\TafsilkPlatform.Web\Areas\Tailor\Controllers\TailorManagementController.cs(1635,9): error CS1519: Invalid token 'return' in a member declaration [C:\Users\ahmed\source\repos\AhmedTyson\Tafsilk\TafsilkPlatform\TafsilkPlatform.Web\TafsilkPlatform.Web.csproj]
C:\Users\ahmed\source\repos\AhmedTyson\Tafsilk\TafsilkPlatform\TafsilkPlatform.Web\Areas\Tailor\Controllers\TailorManagementController.cs(1636,5): error CS1519: Invalid token '{' in a member declaration [C:\Users\ahmed\source\repos\AhmedTyson\Tafsilk\TafsilkPlatform\TafsilkPlatform.Web\TafsilkPlatform.Web.csproj]
C:\Users\ahmed\source\repos\AhmedTyson\Tafsilk\TafsilkPlatform\TafsilkPlatform.Web\Areas\Tailor\Controllers\TailorManagementController.cs(1648,5): error CS1022: Type or namespace definition, or end-of-file expected [C:\Users\ahmed\source\repos\AhmedTyson\Tafsilk\TafsilkPlatform\TafsilkPlatform.Web\TafsilkPlatform.Web.csproj]
C:\Users\ahmed\source\repos\AhmedTyson\Tafsilk\TafsilkPlatform\TafsilkPlatform.Web\Areas\Tailor\Controllers\TailorManagementController.cs(1650,5): error CS8803: Top-level statements must precede namespace and type declarations. [C:\Users\ahmed\source\repos\AhmedTyson\Tafsilk\TafsilkPlatform\TafsilkPlatform.Web\TafsilkPlatform.Web.csproj]
C:\Users\ahmed\source\repos\AhmedTyson\Tafsilk\TafsilkPlatform\TafsilkPlatform.Web\Areas\Tailor\Controllers\TailorManagementController.cs(1650,5): error CS0106: The modifier 'private' is not valid for this item [C:\Users\ahmed\source\repos\AhmedTyson\Tafsilk\TafsilkPlatform\TafsilkPlatform.Web\TafsilkPlatform.Web.csproj]
C:\Users\ahmed\source\repos\AhmedTyson\Tafsilk\TafsilkPlatform\TafsilkPlatform.Web\Areas\Tailor\Controllers\TailorManagementController.cs(1670,5): error CS0106: The modifier 'private' is not valid for this item [C:\Users\ahmed\source\repos\AhmedTyson\Tafsilk\TafsilkPlatform\TafsilkPlatform.Web\TafsilkPlatform.Web.csproj]
C:\Users\ahmed\source\repos\AhmedTyson\Tafsilk\TafsilkPlatform\TafsilkPlatform.Web\Areas\Tailor\Controllers\TailorManagementController.cs(1685,5): error CS0106: The modifier 'private' is not valid for this item [C:\Users\ahmed\source\repos\AhmedTyson\Tafsilk\TafsilkPlatform\TafsilkPlatform.Web\TafsilkPlatform.Web.csproj]
C:\Users\ahmed\source\repos\AhmedTyson\Tafsilk\TafsilkPlatform\TafsilkPlatform.Web\Areas\Tailor\Controllers\TailorManagementController.cs(1700,5): error CS0106: The modifier 'private' is not valid for this item [C:\Users\ahmed\source\repos\AhmedTyson\Tafsilk\TafsilkPlatform\TafsilkPlatform.Web\TafsilkPlatform.Web.csproj]
C:\Users\ahmed\source\repos\AhmedTyson\Tafsilk\TafsilkPlatform\TafsilkPlatform.Web\Areas\Tailor\Controllers\TailorManagementController.cs(1717,5): error CS0106: The modifier 'private' is not valid for this item [C:\Users\ahmed\source\repos\AhmedTyson\Tafsilk\TafsilkPlatform\TafsilkPlatform.Web\TafsilkPlatform.Web.csproj]
C:\Users\ahmed\source\repos\AhmedTyson\Tafsilk\TafsilkPlatform\TafsilkPlatform.Web\Areas\Tailor\Controllers\TailorManagementController.cs(1741,5): error CS0106: The modifier 'private' is not valid for this item [C:\Users\ahmed\source\repos\AhmedTyson\Tafsilk\TafsilkPlatform\TafsilkPlatform.Web\TafsilkPlatform.Web.csproj]
C:\Users\ahmed\source\repos\AhmedTyson\Tafsilk\TafsilkPlatform\TafsilkPlatform.Web\Areas\Tailor\Controllers\TailorManagementController.cs(1753,5): error CS0106: The modifier 'private' is not valid for this item [C:\Users\ahmed\source\repos\AhmedTyson\Tafsilk\TafsilkPlatform\TafsilkPlatform.Web\TafsilkPlatform.Web.csproj]
C:\Users\ahmed\source\repos\AhmedTyson\Tafsilk\TafsilkPlatform\TafsilkPlatform.Web\Areas\Tailor\Controllers\TailorManagementController.cs(1780,5): error CS0106: The modifier 'private' is not valid for this item [C:\Users\ahmed\source\repos\AhmedTyson\Tafsilk\TafsilkPlatform\TafsilkPlatform.Web\TafsilkPlatform.Web.csproj]
C:\Users\ahmed\source\repos\AhmedTyson\Tafsilk\TafsilkPlatform\TafsilkPlatform.Web\Areas\Tailor\Controllers\TailorManagementController.cs(1816,5): error CS0106: The modifier 'private' is not valid for this item [C:\Users\ahmed\source\repos\AhmedTyson\Tafsilk\TafsilkPlatform\TafsilkPlatform.Web\TafsilkPlatform.Web.csproj]
C:\Users\ahmed\source\repos\AhmedTyson\Tafsilk\TafsilkPlatform\TafsilkPlatform.Web\Areas\Tailor\Controllers\TailorManagementController.cs(1864,5): error CS0106: The modifier 'private' is not valid for this item [C:\Users\ahmed\source\repos\AhmedTyson\Tafsilk\TafsilkPlatform\TafsilkPlatform.Web\TafsilkPlatform.Web.csproj]
C:\Users\ahmed\source\repos\AhmedTyson\Tafsilk\TafsilkPlatform\TafsilkPlatform.Web\Areas\Tailor\Controllers\TailorManagementController.cs(1925,5): error CS0106: The modifier 'private' is not valid for this item [C:\Users\ahmed\source\repos\AhmedTyson\Tafsilk\TafsilkPlatform\TafsilkPlatform.Web\TafsilkPlatform.Web.csproj]
C:\Users\ahmed\source\repos\AhmedTyson\Tafsilk\TafsilkPlatform\TafsilkPlatform.Web\Areas\Tailor\Controllers\TailorManagementController.cs(1956,1): error CS1022: Type or namespace definition, or end-of-file expected [C:\Users\ahmed\source\repos\AhmedTyson\Tafsilk\TafsilkPlatform\TafsilkPlatform.Web\TafsilkPlatform.Web.csproj]
    0 Warning(s)
    16 Error(s)

Time Elapsed 00:00:04.37
